2025-10-26 22:44:38,600 - NVDAPIMonitor - INFO - NVD API Call: openssl -> 0 vulnerabilities (Success: False)
2025-10-26 22:46:18,092 - NVDAPIMonitor - INFO - NVD API Call: openssl -> 0 vulnerabilities (Success: False)
2025-10-26 22:46:22,650 - NVDAPIMonitor - INFO - API usage stats saved to logs/nvd_api_stats.json
2025-10-26 22:46:23,905 - NVDAPIMonitor - INFO - NVD API Call: ████████████▒▒▒▒▒▒▒▒▒▒▒▒▒▒▒▒▒▒ -> 0 vulnerabilities (Success: False)
2025-10-26 22:46:25,077 - NVDAPIMonitor - INFO - NVD API Call: █████████████████████████▒▒▒▒▒ -> 0 vulnerabilities (Success: False)
2025-10-26 22:46:26,404 - NVDAPIMonitor - INFO - NVD API Call: ██████████████████████████████ -> 0 vulnerabilities (Success: False)
2025-10-26 22:46:27,734 - NVDAPIMonitor - INFO - NVD API Call: ▒▒▒▒▒▒▒▒▒▒▒▒▒▒▒▒▒▒▒▒▒▒▒▒▒▒▒▒▒▒ -> 0 vulnerabilities (Success: False)
2025-10-26 22:46:28,971 - NVDAPIMonitor - INFO - NVD API Call: ▒▒▒▒▒▒▒▒▒▒▒▒▒▒▒▒▒▒▒▒▒▒▒▒▒▒▒▒▒▒ -> 0 vulnerabilities (Success: False)
2025-10-26 22:46:30,252 - NVDAPIMonitor - INFO - NVD API Call: ▒▒▒▒▒▒▒▒▒▒▒▒▒▒▒▒▒▒▒▒▒▒▒▒▒▒▒▒▒▒ -> 0 vulnerabilities (Success: False)
2025-10-26 22:46:31,576 - NVDAPIMonitor - INFO - NVD API Call: ▒▒▒▒▒▒▒▒▒▒▒▒▒▒▒▒▒▒▒▒▒▒▒▒▒▒▒▒▒▒ -> 0 vulnerabilities (Success: False)
2025-10-26 22:46:32,758 - NVDAPIMonitor - INFO - NVD API Call: ▒▒▒▒▒▒▒▒▒▒▒▒▒▒▒▒▒▒▒▒▒▒▒▒▒▒▒▒▒▒ -> 0 vulnerabilities (Success: False)
2025-10-26 22:46:34,097 - NVDAPIMonitor - INFO - NVD API Call: █▒▒▒▒▒▒▒▒▒▒▒▒▒▒▒▒▒▒▒▒▒▒▒▒▒▒▒▒▒ -> 0 vulnerabilities (Success: False)
2025-10-26 22:46:35,379 - NVDAPIMonitor - INFO - NVD API Call: █▒▒▒▒▒▒▒▒▒▒▒▒▒▒▒▒▒▒▒▒▒▒▒▒▒▒▒▒▒ -> 0 vulnerabilities (Success: False)
2025-10-26 22:46:36,604 - NVDAPIMonitor - INFO - NVD API Call: ██▒▒▒▒▒▒▒▒▒▒▒▒▒▒▒▒▒▒▒▒▒▒▒▒▒▒▒▒ -> 0 vulnerabilities (Success: False)
2025-10-26 22:46:37,815 - NVDAPIMonitor - INFO - NVD API Call: ██▒▒▒▒▒▒▒▒▒▒▒▒▒▒▒▒▒▒▒▒▒▒▒▒▒▒▒▒ -> 0 vulnerabilities (Success: False)
2025-10-26 22:46:39,055 - NVDAPIMonitor - INFO - NVD API Call: ██▒▒▒▒▒▒▒▒▒▒▒▒▒▒▒▒▒▒▒▒▒▒▒▒▒▒▒▒ -> 0 vulnerabilities (Success: False)
2025-10-26 22:46:40,823 - NVDAPIMonitor - INFO - NVD API Call: ███▒▒▒▒▒▒▒▒▒▒▒▒▒▒▒▒▒▒▒▒▒▒▒▒▒▒▒ -> 0 vulnerabilities (Success: False)
2025-10-26 22:46:42,596 - NVDAPIMonitor - INFO - NVD API Call: ███▒▒▒▒▒▒▒▒▒▒▒▒▒▒▒▒▒▒▒▒▒▒▒▒▒▒▒ -> 0 vulnerabilities (Success: False)
2025-10-26 22:46:44,446 - NVDAPIMonitor - INFO - NVD API Call: ███▒▒▒▒▒▒▒▒▒▒▒▒▒▒▒▒▒▒▒▒▒▒▒▒▒▒▒ -> 0 vulnerabilities (Success: False)
2025-10-26 22:46:46,275 - NVDAPIMonitor - INFO - NVD API Call: ████▒▒▒▒▒▒▒▒▒▒▒▒▒▒▒▒▒▒▒▒▒▒▒▒▒▒ -> 0 vulnerabilities (Success: False)
2025-10-26 22:46:48,161 - NVDAPIMonitor - INFO - NVD API Call: ████▒▒▒▒▒▒▒▒▒▒▒▒▒▒▒▒▒▒▒▒▒▒▒▒▒▒ -> 0 vulnerabilities (Success: False)
2025-10-26 22:46:49,940 - NVDAPIMonitor - INFO - NVD API Call: ████▒▒▒▒▒▒▒▒▒▒▒▒▒▒▒▒▒▒▒▒▒▒▒▒▒▒ -> 0 vulnerabilities (Success: False)
2025-10-26 22:46:51,680 - NVDAPIMonitor - INFO - NVD API Call: █████▒▒▒▒▒▒▒▒▒▒▒▒▒▒▒▒▒▒▒▒▒▒▒▒▒ -> 0 vulnerabilities (Success: False)
2025-10-26 22:46:53,597 - NVDAPIMonitor - INFO - NVD API Call: █████▒▒▒▒▒▒▒▒▒▒▒▒▒▒▒▒▒▒▒▒▒▒▒▒▒ -> 0 vulnerabilities (Success: False)
2025-10-26 22:46:54,882 - NVDAPIMonitor - INFO - NVD API Call: █████▒▒▒▒▒▒▒▒▒▒▒▒▒▒▒▒▒▒▒▒▒▒▒▒▒ -> 0 vulnerabilities (Success: False)
2025-10-26 22:46:56,200 - NVDAPIMonitor - INFO - NVD API Call: ██████▒▒▒▒▒▒▒▒▒▒▒▒▒▒▒▒▒▒▒▒▒▒▒▒ -> 0 vulnerabilities (Success: False)
2025-10-26 22:46:57,475 - NVDAPIMonitor - INFO - NVD API Call: ██████▒▒▒▒▒▒▒▒▒▒▒▒▒▒▒▒▒▒▒▒▒▒▒▒ -> 0 vulnerabilities (Success: False)
2025-10-26 22:46:58,733 - NVDAPIMonitor - INFO - NVD API Call: ██████▒▒▒▒▒▒▒▒▒▒▒▒▒▒▒▒▒▒▒▒▒▒▒▒ -> 0 vulnerabilities (Success: False)
2025-10-26 22:46:59,994 - NVDAPIMonitor - INFO - NVD API Call: ██████▒▒▒▒▒▒▒▒▒▒▒▒▒▒▒▒▒▒▒▒▒▒▒▒ -> 0 vulnerabilities (Success: False)
2025-10-26 22:47:01,238 - NVDAPIMonitor - INFO - NVD API Call: ███████▒▒▒▒▒▒▒▒▒▒▒▒▒▒▒▒▒▒▒▒▒▒▒ -> 0 vulnerabilities (Success: False)
2025-10-26 22:47:02,589 - NVDAPIMonitor - INFO - NVD API Call: ███████▒▒▒▒▒▒▒▒▒▒▒▒▒▒▒▒▒▒▒▒▒▒▒ -> 0 vulnerabilities (Success: False)
2025-10-26 22:47:03,831 - NVDAPIMonitor - INFO - NVD API Call: ████████▒▒▒▒▒▒▒▒▒▒▒▒▒▒▒▒▒▒▒▒▒▒ -> 0 vulnerabilities (Success: False)
2025-10-26 22:47:05,117 - NVDAPIMonitor - INFO - NVD API Call: ████████▒▒▒▒▒▒▒▒▒▒▒▒▒▒▒▒▒▒▒▒▒▒ -> 0 vulnerabilities (Success: False)
2025-10-26 22:47:06,316 - NVDAPIMonitor - INFO - NVD API Call: ████████▒▒▒▒▒▒▒▒▒▒▒▒▒▒▒▒▒▒▒▒▒▒ -> 0 vulnerabilities (Success: False)
2025-10-26 22:47:07,514 - NVDAPIMonitor - INFO - NVD API Call: █████████▒▒▒▒▒▒▒▒▒▒▒▒▒▒▒▒▒▒▒▒▒ -> 0 vulnerabilities (Success: False)
2025-10-26 22:47:08,733 - NVDAPIMonitor - INFO - NVD API Call: █████████▒▒▒▒▒▒▒▒▒▒▒▒▒▒▒▒▒▒▒▒▒ -> 0 vulnerabilities (Success: False)
2025-10-26 22:47:09,947 - NVDAPIMonitor - INFO - NVD API Call: █████████▒▒▒▒▒▒▒▒▒▒▒▒▒▒▒▒▒▒▒▒▒ -> 0 vulnerabilities (Success: False)
2025-10-26 22:47:12,098 - NVDAPIMonitor - INFO - NVD API Call: █████████▒▒▒▒▒▒▒▒▒▒▒▒▒▒▒▒▒▒▒▒▒ -> 0 vulnerabilities (Success: False)
2025-10-26 22:47:13,932 - NVDAPIMonitor - INFO - NVD API Call: ██████████▒▒▒▒▒▒▒▒▒▒▒▒▒▒▒▒▒▒▒▒ -> 0 vulnerabilities (Success: False)
2025-10-26 22:47:15,859 - NVDAPIMonitor - INFO - NVD API Call: ██████████▒▒▒▒▒▒▒▒▒▒▒▒▒▒▒▒▒▒▒▒ -> 0 vulnerabilities (Success: False)
2025-10-26 22:47:17,706 - NVDAPIMonitor - INFO - NVD API Call: ██████████▒▒▒▒▒▒▒▒▒▒▒▒▒▒▒▒▒▒▒▒ -> 0 vulnerabilities (Success: False)
2025-10-26 22:47:19,708 - NVDAPIMonitor - INFO - NVD API Call: ███████████▒▒▒▒▒▒▒▒▒▒▒▒▒▒▒▒▒▒▒ -> 0 vulnerabilities (Success: False)
2025-10-26 22:47:21,639 - NVDAPIMonitor - INFO - NVD API Call: ███████████▒▒▒▒▒▒▒▒▒▒▒▒▒▒▒▒▒▒▒ -> 0 vulnerabilities (Success: False)
2025-10-26 22:47:23,448 - NVDAPIMonitor - INFO - NVD API Call: ███████████▒▒▒▒▒▒▒▒▒▒▒▒▒▒▒▒▒▒▒ -> 0 vulnerabilities (Success: False)
2025-10-26 22:47:25,258 - NVDAPIMonitor - INFO - NVD API Call: ████████████▒▒▒▒▒▒▒▒▒▒▒▒▒▒▒▒▒▒ -> 0 vulnerabilities (Success: False)
2025-10-26 22:47:27,032 - NVDAPIMonitor - INFO - NVD API Call: ████████████▒▒▒▒▒▒▒▒▒▒▒▒▒▒▒▒▒▒ -> 0 vulnerabilities (Success: False)
2025-10-26 22:47:29,010 - NVDAPIMonitor - INFO - NVD API Call: ████████████▒▒▒▒▒▒▒▒▒▒▒▒▒▒▒▒▒▒ -> 0 vulnerabilities (Success: False)
2025-10-26 22:47:31,076 - NVDAPIMonitor - INFO - NVD API Call: ████████████▒▒▒▒▒▒▒▒▒▒▒▒▒▒▒▒▒▒ -> 0 vulnerabilities (Success: False)
2025-10-26 22:47:32,989 - NVDAPIMonitor - INFO - NVD API Call: █████████████▒▒▒▒▒▒▒▒▒▒▒▒▒▒▒▒▒ -> 0 vulnerabilities (Success: False)
2025-10-26 22:47:34,892 - NVDAPIMonitor - INFO - NVD API Call: █████████████▒▒▒▒▒▒▒▒▒▒▒▒▒▒▒▒▒ -> 0 vulnerabilities (Success: False)
2025-10-26 22:47:36,913 - NVDAPIMonitor - INFO - NVD API Call: █████████████▒▒▒▒▒▒▒▒▒▒▒▒▒▒▒▒▒ -> 0 vulnerabilities (Success: False)
2025-10-26 22:47:38,720 - NVDAPIMonitor - INFO - NVD API Call: ██████████████▒▒▒▒▒▒▒▒▒▒▒▒▒▒▒▒ -> 0 vulnerabilities (Success: False)
2025-10-26 22:47:40,799 - NVDAPIMonitor - INFO - NVD API Call: ██████████████▒▒▒▒▒▒▒▒▒▒▒▒▒▒▒▒ -> 0 vulnerabilities (Success: False)
2025-10-26 22:47:40,804 - NVDAPIMonitor - INFO - Vulnerability scan completed: 50 packages scanned
2025-10-26 22:47:40,805 - NVDAPIMonitor - INFO - NVD API Call: test-package-1 -> 5 vulnerabilities (Success: True)
2025-10-26 22:47:40,806 - NVDAPIMonitor - INFO - NVD API Call: test-package-2 -> 0 vulnerabilities (Success: False)
2025-10-26 22:47:40,806 - NVDAPIMonitor - INFO - NVD API Call: test-package-3 -> 3 vulnerabilities (Success: True)
2025-10-26 22:47:40,807 - NVDAPIMonitor - INFO - Vulnerability scan completed: 3 packages scanned
2025-10-26 22:48:44,755 - NVDAPIMonitor - INFO - API usage stats loaded from logs/nvd_api_stats.json
2025-10-26 22:48:46,442 - NVDAPIMonitor - INFO - NVD API Call: openssl -> 0 vulnerabilities (Success: False)
2025-10-26 22:48:46,551 - NVDAPIMonitor - INFO - API usage stats loaded from logs/nvd_api_stats.json
2025-10-26 22:48:48,320 - NVDAPIMonitor - INFO - API usage stats saved to logs/nvd_api_stats.json
2025-10-26 22:48:49,869 - NVDAPIMonitor - INFO - NVD API Call: Name -> 0 vulnerabilities (Success: False)
2025-10-26 22:48:51,572 - NVDAPIMonitor - INFO - NVD API Call: NVM -> 0 vulnerabilities (Success: False)
2025-10-26 22:48:53,599 - NVDAPIMonitor - INFO - NVD API Call: Docker -> 0 vulnerabilities (Success: False)
2025-10-26 22:48:55,273 - NVDAPIMonitor - INFO - NVD API Call: Git -> 0 vulnerabilities (Success: False)
2025-10-26 22:48:56,963 - NVDAPIMonitor - INFO - NVD API Call: Google -> 0 vulnerabilities (Success: False)
2025-10-26 22:48:58,640 - NVDAPIMonitor - INFO - NVD API Call: Microsoft -> 0 vulnerabilities (Success: False)
2025-10-26 22:49:00,386 - NVDAPIMonitor - INFO - NVD API Call: Microsoft -> 0 vulnerabilities (Success: False)
2025-10-26 22:49:01,984 - NVDAPIMonitor - INFO - NVD API Call: TeXstudio -> 0 vulnerabilities (Success: False)
2025-10-26 22:49:03,641 - NVDAPIMonitor - INFO - NVD API Call: VLC -> 0 vulnerabilities (Success: False)
2025-10-26 22:49:05,243 - NVDAPIMonitor - INFO - NVD API Call: XAMPP -> 0 vulnerabilities (Success: False)
2025-10-26 22:49:06,884 - NVDAPIMonitor - INFO - NVD API Call: Node.js -> 0 vulnerabilities (Success: False)
2025-10-26 22:49:08,631 - NVDAPIMonitor - INFO - NVD API Call: Node.js -> 0 vulnerabilities (Success: False)
2025-10-26 22:49:10,328 - NVDAPIMonitor - INFO - NVD API Call: DaVinci -> 0 vulnerabilities (Success: False)
2025-10-26 22:49:12,091 - NVDAPIMonitor - INFO - NVD API Call: Oracle -> 0 vulnerabilities (Success: False)
2025-10-26 22:49:13,675 - NVDAPIMonitor - INFO - NVD API Call: MongoDB -> 0 vulnerabilities (Success: False)
2025-10-26 22:49:15,396 - NVDAPIMonitor - INFO - NVD API Call: Virtual-C -> 0 vulnerabilities (Success: False)
2025-10-26 22:49:17,006 - NVDAPIMonitor - INFO - NVD API Call: MongoDB -> 0 vulnerabilities (Success: False)
2025-10-26 22:49:18,729 - NVDAPIMonitor - INFO - NVD API Call: MongoDB -> 0 vulnerabilities (Success: False)
2025-10-26 22:49:20,355 - NVDAPIMonitor - INFO - NVD API Call: Blackmagic -> 0 vulnerabilities (Success: False)
2025-10-26 22:49:21,934 - NVDAPIMonitor - INFO - NVD API Call: DaVinci -> 0 vulnerabilities (Success: False)
2025-10-26 22:49:23,537 - NVDAPIMonitor - INFO - NVD API Call: MySQL -> 0 vulnerabilities (Success: False)
2025-10-26 22:49:24,898 - NVDAPIMonitor - INFO - NVD API Call: MySQL -> 0 vulnerabilities (Success: False)
2025-10-26 22:49:26,088 - NVDAPIMonitor - INFO - NVD API Call: Google -> 0 vulnerabilities (Success: False)
2025-10-26 22:49:27,417 - NVDAPIMonitor - INFO - NVD API Call: Microsoft -> 0 vulnerabilities (Success: False)
2025-10-26 22:49:28,674 - NVDAPIMonitor - INFO - NVD API Call: Acer -> 0 vulnerabilities (Success: False)
2025-10-26 22:49:29,915 - NVDAPIMonitor - INFO - NVD API Call: Acer -> 0 vulnerabilities (Success: False)
2025-10-26 22:49:31,199 - NVDAPIMonitor - INFO - NVD API Call: WebAdvisor -> 0 vulnerabilities (Success: False)
2025-10-26 22:49:32,385 - NVDAPIMonitor - INFO - NVD API Call: Python -> 0 vulnerabilities (Success: False)
2025-10-26 22:49:33,589 - NVDAPIMonitor - INFO - NVD API Call: Python -> 0 vulnerabilities (Success: False)
2025-10-26 22:49:34,875 - NVDAPIMonitor - INFO - NVD API Call: ExpressVPN -> 0 vulnerabilities (Success: False)
2025-10-26 22:49:36,243 - NVDAPIMonitor - INFO - NVD API Call: AcerWarrantyRegistration -> 0 vulnerabilities (Success: False)
2025-10-26 22:49:37,553 - NVDAPIMonitor - INFO - NVD API Call: Microsoft -> 0 vulnerabilities (Success: False)
2025-10-26 22:49:38,814 - NVDAPIMonitor - INFO - NVD API Call: Unstop -> 0 vulnerabilities (Success: False)
2025-10-26 22:49:40,026 - NVDAPIMonitor - INFO - NVD API Call: Brave -> 0 vulnerabilities (Success: False)
2025-10-26 22:49:41,224 - NVDAPIMonitor - INFO - NVD API Call: MiKTeX -> 0 vulnerabilities (Success: False)
2025-10-26 22:49:42,427 - NVDAPIMonitor - INFO - NVD API Call: Microsoft -> 0 vulnerabilities (Success: False)
2025-10-26 22:49:43,617 - NVDAPIMonitor - INFO - NVD API Call: Microsoft -> 0 vulnerabilities (Success: False)
2025-10-26 22:49:44,803 - NVDAPIMonitor - INFO - NVD API Call: Python -> 0 vulnerabilities (Success: False)
2025-10-26 22:49:46,184 - NVDAPIMonitor - INFO - NVD API Call: Cursor -> 0 vulnerabilities (Success: False)
2025-10-26 22:49:47,379 - NVDAPIMonitor - INFO - NVD API Call: MSYS2 -> 0 vulnerabilities (Success: False)
2025-10-26 22:49:48,600 - NVDAPIMonitor - INFO - NVD API Call: WhatsApp -> 0 vulnerabilities (Success: False)
2025-10-26 22:49:49,918 - NVDAPIMonitor - INFO - NVD API Call: Intel® -> 0 vulnerabilities (Success: False)
2025-10-26 22:49:51,240 - NVDAPIMonitor - INFO - NVD API Call: Intel® -> 0 vulnerabilities (Success: False)
2025-10-26 22:49:52,582 - NVDAPIMonitor - INFO - NVD API Call: Microsoft -> 0 vulnerabilities (Success: False)
2025-10-26 22:50:31,878 - NVDAPIMonitor - INFO - API usage stats loaded from logs/nvd_api_stats.json
2025-10-26 22:50:33,608 - NVDAPIMonitor - INFO - API usage stats saved to logs/nvd_api_stats.json
2025-10-26 22:50:35,209 - NVDAPIMonitor - INFO - NVD API Call: Name -> 0 vulnerabilities (Success: False)
2025-10-26 22:50:36,910 - NVDAPIMonitor - INFO - NVD API Call: NVM -> 0 vulnerabilities (Success: False)
2025-10-26 22:50:38,577 - NVDAPIMonitor - INFO - NVD API Call: Docker -> 0 vulnerabilities (Success: False)
2025-10-26 22:50:40,205 - NVDAPIMonitor - INFO - NVD API Call: Git -> 0 vulnerabilities (Success: False)
2025-10-26 22:50:42,110 - NVDAPIMonitor - INFO - NVD API Call: Google -> 0 vulnerabilities (Success: False)
2025-10-26 22:50:43,683 - NVDAPIMonitor - INFO - NVD API Call: Microsoft -> 0 vulnerabilities (Success: False)
2025-10-26 22:50:45,434 - NVDAPIMonitor - INFO - NVD API Call: Microsoft -> 0 vulnerabilities (Success: False)
2025-10-26 22:50:47,216 - NVDAPIMonitor - INFO - NVD API Call: TeXstudio -> 0 vulnerabilities (Success: False)
2025-10-26 22:50:48,972 - NVDAPIMonitor - INFO - NVD API Call: VLC -> 0 vulnerabilities (Success: False)
2025-10-26 22:50:50,785 - NVDAPIMonitor - INFO - NVD API Call: XAMPP -> 0 vulnerabilities (Success: False)
2025-10-26 22:50:52,590 - NVDAPIMonitor - INFO - NVD API Call: Node.js -> 0 vulnerabilities (Success: False)
2025-10-26 22:50:54,236 - NVDAPIMonitor - INFO - NVD API Call: Node.js -> 0 vulnerabilities (Success: False)
2025-10-26 22:50:56,144 - NVDAPIMonitor - INFO - NVD API Call: DaVinci -> 0 vulnerabilities (Success: False)
2025-10-26 22:50:58,054 - NVDAPIMonitor - INFO - NVD API Call: Oracle -> 0 vulnerabilities (Success: False)
2025-10-26 22:50:59,873 - NVDAPIMonitor - INFO - NVD API Call: MongoDB -> 0 vulnerabilities (Success: False)
2025-10-26 22:51:01,650 - NVDAPIMonitor - INFO - NVD API Call: Virtual-C -> 0 vulnerabilities (Success: False)
2025-10-26 22:51:03,372 - NVDAPIMonitor - INFO - NVD API Call: MongoDB -> 0 vulnerabilities (Success: False)
2025-10-26 22:51:05,248 - NVDAPIMonitor - INFO - NVD API Call: MongoDB -> 0 vulnerabilities (Success: False)
2025-10-26 22:51:07,091 - NVDAPIMonitor - INFO - NVD API Call: Blackmagic -> 0 vulnerabilities (Success: False)
2025-10-26 22:51:09,025 - NVDAPIMonitor - INFO - NVD API Call: DaVinci -> 0 vulnerabilities (Success: False)
2025-10-26 22:51:10,910 - NVDAPIMonitor - INFO - NVD API Call: MySQL -> 0 vulnerabilities (Success: False)
2025-10-26 22:51:12,751 - NVDAPIMonitor - INFO - NVD API Call: MySQL -> 0 vulnerabilities (Success: False)
2025-10-26 22:51:14,585 - NVDAPIMonitor - INFO - NVD API Call: Google -> 0 vulnerabilities (Success: False)
2025-10-26 22:51:16,285 - NVDAPIMonitor - INFO - NVD API Call: Microsoft -> 0 vulnerabilities (Success: False)
2025-10-26 22:51:18,249 - NVDAPIMonitor - INFO - NVD API Call: Acer -> 0 vulnerabilities (Success: False)
2025-10-26 22:51:19,993 - NVDAPIMonitor - INFO - NVD API Call: Acer -> 0 vulnerabilities (Success: False)
2025-10-26 22:51:21,817 - NVDAPIMonitor - INFO - NVD API Call: WebAdvisor -> 0 vulnerabilities (Success: False)
2025-10-26 22:51:23,553 - NVDAPIMonitor - INFO - NVD API Call: Python -> 0 vulnerabilities (Success: False)
2025-10-26 22:51:25,294 - NVDAPIMonitor - INFO - NVD API Call: Python -> 0 vulnerabilities (Success: False)
2025-10-26 22:51:27,084 - NVDAPIMonitor - INFO - NVD API Call: ExpressVPN -> 0 vulnerabilities (Success: False)
2025-10-26 22:51:28,795 - NVDAPIMonitor - INFO - NVD API Call: AcerWarrantyRegistration -> 0 vulnerabilities (Success: False)
2025-10-26 22:51:30,760 - NVDAPIMonitor - INFO - NVD API Call: Microsoft -> 0 vulnerabilities (Success: False)
2025-10-26 22:51:32,563 - NVDAPIMonitor - INFO - NVD API Call: Unstop -> 0 vulnerabilities (Success: False)
2025-10-26 22:51:34,432 - NVDAPIMonitor - INFO - NVD API Call: Brave -> 0 vulnerabilities (Success: False)
2025-10-26 22:51:36,110 - NVDAPIMonitor - INFO - NVD API Call: MiKTeX -> 0 vulnerabilities (Success: False)
2025-10-26 22:51:38,006 - NVDAPIMonitor - INFO - NVD API Call: Microsoft -> 0 vulnerabilities (Success: False)
2025-10-26 22:51:39,917 - NVDAPIMonitor - INFO - NVD API Call: Microsoft -> 0 vulnerabilities (Success: False)
2025-10-26 22:51:41,770 - NVDAPIMonitor - INFO - NVD API Call: Python -> 0 vulnerabilities (Success: False)
2025-10-26 22:51:43,552 - NVDAPIMonitor - INFO - NVD API Call: Cursor -> 0 vulnerabilities (Success: False)
2025-10-26 22:51:45,324 - NVDAPIMonitor - INFO - NVD API Call: MSYS2 -> 0 vulnerabilities (Success: False)
2025-10-26 22:51:47,068 - NVDAPIMonitor - INFO - NVD API Call: WhatsApp -> 0 vulnerabilities (Success: False)
2025-10-26 22:51:48,989 - NVDAPIMonitor - INFO - NVD API Call: Intel® -> 0 vulnerabilities (Success: False)
2025-10-26 22:51:50,579 - NVDAPIMonitor - INFO - NVD API Call: Intel® -> 0 vulnerabilities (Success: False)
2025-10-26 22:51:52,495 - NVDAPIMonitor - INFO - NVD API Call: Microsoft -> 0 vulnerabilities (Success: False)
2025-10-26 22:51:54,486 - NVDAPIMonitor - INFO - NVD API Call: Microsoft -> 0 vulnerabilities (Success: False)
2025-10-26 22:51:56,478 - NVDAPIMonitor - INFO - NVD API Call: Microsoft -> 0 vulnerabilities (Success: False)
2025-10-26 22:51:58,354 - NVDAPIMonitor - INFO - NVD API Call: AV1 -> 0 vulnerabilities (Success: False)
2025-10-26 22:52:00,154 - NVDAPIMonitor - INFO - NVD API Call: AVC -> 0 vulnerabilities (Success: False)
2025-10-26 22:52:02,005 - NVDAPIMonitor - INFO - NVD API Call: Windows -> 0 vulnerabilities (Success: False)
2025-10-26 22:52:03,739 - NVDAPIMonitor - INFO - NVD API Call: News -> 0 vulnerabilities (Success: False)
2025-10-26 22:52:03,743 - NVDAPIMonitor - INFO - Vulnerability scan completed: 50 packages scanned
