2025-08-26 20:30:39,461 - SecurityAuditor - INFO - Starting security audit...
2025-08-27 15:41:27,879 - SecurityAuditor - INFO - Starting security audit...
2025-08-27 15:46:21,139 - SecurityAuditor - INFO - Starting security audit...
2025-08-27 15:46:21,139 - SecurityAuditor - INFO - Running config scanner...
2025-08-27 15:46:21,222 - SecurityAuditor - INFO - Running vulnerability scanner...
2025-08-27 15:46:21,242 - SecurityAuditor - INFO - Running file scanner...
2025-08-27 15:46:21,356 - SecurityAuditor - INFO - Running email scanner...
2025-08-27 15:57:19,722 - SecurityAuditor - INFO - Starting security audit...
2025-08-27 15:57:19,723 - SecurityAuditor - INFO - Running config scanner...
2025-08-27 15:57:19,902 - SecurityAuditor - INFO - Running vulnerability scanner...
2025-08-27 15:57:19,935 - SecurityAuditor - INFO - Running file scanner...
2025-08-27 15:57:20,002 - SecurityAuditor - INFO - Running email scanner...
2025-08-27 16:02:57,722 - SecurityAuditor - INFO - Starting security audit...
2025-08-27 16:02:57,722 - SecurityAuditor - INFO - Running config scanner...
2025-08-27 16:02:57,821 - SecurityAuditor - INFO - Running vulnerability scanner...
2025-08-27 16:02:57,843 - SecurityAuditor - INFO - Running file scanner...
2025-08-27 16:02:59,185 - SecurityAuditor - INFO - Running email scanner...
2025-09-04 09:10:36,096 - SecurityAuditor - INFO - Starting security audit...
2025-09-04 09:10:36,096 - SecurityAuditor - INFO - Running config scanner...
2025-09-04 09:10:36,212 - SecurityAuditor - INFO - Running vulnerability scanner...
2025-09-04 09:10:36,233 - SecurityAuditor - INFO - Running file scanner...
2025-09-04 09:10:37,671 - SecurityAuditor - INFO - Running email scanner...
2025-09-05 19:06:21,167 - SecurityAuditor - INFO - Starting security audit...
2025-09-05 19:06:21,168 - SecurityAuditor - INFO - Running config scanner...
2025-09-05 19:06:21,272 - SecurityAuditor - INFO - Running vulnerability scanner...
2025-09-05 19:06:21,287 - SecurityAuditor - INFO - Running file scanner...
2025-09-05 19:06:22,395 - SecurityAuditor - INFO - Running email scanner...
2025-09-05 19:08:35,697 - SecurityAuditor - INFO - Starting security audit...
2025-09-05 19:08:35,697 - SecurityAuditor - INFO - Running config scanner...
2025-09-05 19:08:35,772 - SecurityAuditor - INFO - Running vulnerability scanner...
2025-09-05 19:08:35,787 - SecurityAuditor - INFO - Running file scanner...
2025-09-05 19:08:35,828 - SecurityAuditor - INFO - Running email scanner...
2025-09-05 19:09:11,968 - SecurityAuditor - INFO - Starting security audit...
2025-09-05 19:09:11,968 - SecurityAuditor - INFO - Running config scanner...
2025-09-05 19:09:12,050 - SecurityAuditor - INFO - Running vulnerability scanner...
2025-09-05 19:09:12,069 - SecurityAuditor - INFO - Running file scanner...
2025-09-05 19:09:12,113 - SecurityAuditor - INFO - Running email scanner...
2025-09-05 19:14:21,319 - SecurityAuditor - INFO - Starting security audit...
2025-09-05 19:14:21,320 - SecurityAuditor - INFO - Running config scanner...
2025-09-05 19:14:21,398 - SecurityAuditor - INFO - Running vulnerability scanner...
2025-09-05 19:14:21,413 - SecurityAuditor - INFO - Running file scanner...
2025-09-05 19:14:58,701 - SecurityAuditor - INFO - Running email scanner...
2025-09-05 19:36:47,997 - SecurityAuditor - INFO - Starting security audit...
2025-09-05 19:36:47,998 - SecurityAuditor - INFO - Running config scanner...
2025-09-05 19:36:48,084 - SecurityAuditor - INFO - Running vulnerability scanner...
2025-09-05 19:36:48,099 - SecurityAuditor - INFO - Running file scanner...
2025-09-05 19:45:08,648 - SecurityAuditor - INFO - Starting security audit...
2025-09-05 19:45:08,648 - SecurityAuditor - INFO - Running config scanner...
2025-09-05 19:45:08,711 - SecurityAuditor - INFO - Running vulnerability scanner...
2025-09-05 19:45:08,723 - SecurityAuditor - INFO - Running file scanner...
2025-09-05 19:46:54,415 - SecurityAuditor - INFO - Running email scanner...
2025-09-10 11:15:19,792 - SecurityAuditor - INFO - Starting security audit...
2025-09-10 11:15:19,792 - SecurityAuditor - INFO - Running config scanner...
2025-09-10 11:15:19,871 - SecurityAuditor - INFO - Running vulnerability scanner...
2025-09-10 11:15:19,885 - SecurityAuditor - INFO - Running file scanner...
2025-09-10 11:17:10,599 - SecurityAuditor - INFO - Running email scanner...
2025-09-25 22:26:58,941 - SecurityAuditor - INFO - Starting security audit...
2025-09-25 22:26:58,942 - SecurityAuditor - INFO - Running config scanner...
2025-09-25 22:26:59,042 - SecurityAuditor - INFO - Running vulnerability scanner...
2025-09-25 22:26:59,065 - SecurityAuditor - INFO - Running file scanner...
2025-09-25 22:27:22,913 - SecurityAuditor - INFO - Starting security audit...
2025-09-25 22:27:22,913 - SecurityAuditor - INFO - Running config scanner...
2025-09-25 22:27:23,001 - SecurityAuditor - INFO - Running vulnerability scanner...
2025-09-25 22:27:23,019 - SecurityAuditor - INFO - Running file scanner...
2025-09-25 22:29:20,225 - SecurityAuditor - INFO - Running email scanner...
2025-09-25 22:29:34,867 - SecurityAuditor - INFO - Running email scanner...
2025-10-26 11:50:02,235 - SecurityAuditor - INFO - Starting security audit...
2025-10-26 11:50:02,235 - SecurityAuditor - INFO - Running config scanner...
2025-10-26 11:50:02,367 - SecurityAuditor - INFO - Running vulnerability scanner...
2025-10-26 11:50:02,390 - SecurityAuditor - INFO - Running file scanner...
2025-10-26 11:52:06,168 - SecurityAuditor - INFO - Running email scanner...
2025-10-26 11:59:29,154 - SecurityAuditor - INFO - Starting security audit...
2025-10-26 11:59:29,162 - SecurityAuditor - INFO - Running config scanner...
2025-10-26 11:59:29,260 - SecurityAuditor - INFO - Running vulnerability scanner...
2025-10-26 11:59:29,282 - SecurityAuditor - INFO - Running file scanner...
2025-10-26 12:01:23,524 - SecurityAuditor - INFO - Running email scanner...
2025-10-26 12:01:23,605 - SecurityAuditor - INFO - Security audit completed
2025-10-26 12:04:56,573 - SecurityAuditor - INFO - Starting security audit...
2025-10-26 12:04:56,577 - SecurityAuditor - INFO - Running config scanner...
2025-10-26 12:04:56,664 - SecurityAuditor - INFO - Running vulnerability scanner...
2025-10-26 12:04:56,683 - SecurityAuditor - INFO - Running file scanner...
2025-10-26 12:04:56,741 - SecurityAuditor - INFO - Running email scanner...
2025-10-26 12:04:56,744 - SecurityAuditor - INFO - Security audit completed
2025-10-26 12:05:17,856 - SecurityAuditor - INFO - Starting security audit...
2025-10-26 12:05:17,859 - SecurityAuditor - INFO - Running config scanner...
2025-10-26 12:05:17,931 - SecurityAuditor - INFO - Running vulnerability scanner...
2025-10-26 12:05:17,943 - SecurityAuditor - INFO - Running file scanner...
2025-10-26 12:05:18,001 - SecurityAuditor - INFO - Running email scanner...
2025-10-26 12:05:18,004 - SecurityAuditor - INFO - Security audit completed
2025-10-26 12:10:09,835 - SecurityAuditor - INFO - Starting security audit...
2025-10-26 12:10:09,835 - SecurityAuditor - INFO - Running config scanner...
2025-10-26 12:10:09,912 - SecurityAuditor - INFO - Running vulnerability scanner...
2025-10-26 12:10:09,927 - SecurityAuditor - INFO - Running file scanner...
2025-10-26 12:12:07,493 - SecurityAuditor - INFO - Running email scanner...
2025-10-26 12:18:04,123 - SecurityAuditor - INFO - Starting security audit...
2025-10-26 12:18:04,123 - SecurityAuditor - INFO - Running config scanner...
2025-10-26 12:18:04,207 - SecurityAuditor - INFO - Running vulnerability scanner...
2025-10-26 12:18:04,225 - SecurityAuditor - INFO - Running file scanner...
2025-10-26 12:19:14,462 - SecurityAuditor - INFO - Running email scanner...
2025-10-26 13:45:00,662 - SecurityAuditor - INFO - Starting security audit...
2025-10-26 13:45:00,663 - SecurityAuditor - INFO - Running config scanner...
2025-10-26 13:45:00,852 - SecurityAuditor - INFO - Running vulnerability scanner...
2025-10-26 13:45:00,885 - SecurityAuditor - INFO - Running file scanner...
2025-10-26 13:46:05,549 - SecurityAuditor - INFO - Running email scanner...
2025-10-26 13:47:09,361 - SecurityAuditor - INFO - Starting security audit...
2025-10-26 13:47:09,446 - SecurityAuditor - INFO - Running config scanner...
2025-10-26 13:47:09,570 - SecurityAuditor - INFO - Running vulnerability scanner...
2025-10-26 13:47:09,604 - SecurityAuditor - INFO - Running file scanner...
2025-10-26 13:48:20,652 - SecurityAuditor - INFO - Running email scanner...
2025-10-26 13:48:20,917 - SecurityAuditor - INFO - Security audit completed
2025-10-26 22:50:31,868 - SecurityAuditor - INFO - Starting security audit...
2025-10-26 22:50:32,023 - SecurityAuditor - INFO - Running config scanner...
2025-10-26 22:50:32,171 - SecurityAuditor - INFO - Running vulnerability scanner...
2025-10-26 22:52:03,744 - SecurityAuditor - INFO - Running file scanner...
2025-10-26 22:53:13,121 - SecurityAuditor - INFO - Running email scanner...
2025-10-26 22:53:13,384 - SecurityAuditor - INFO - Security audit completed
2025-10-26 22:58:23,149 - SecurityAuditor - INFO - Starting security audit...
2025-10-26 22:58:23,232 - SecurityAuditor - INFO - Running config scanner...
2025-10-26 22:58:23,361 - SecurityAuditor - INFO - Running vulnerability scanner...
2025-10-26 22:59:43,215 - SecurityAuditor - INFO - Running file scanner...
2025-10-26 23:00:46,646 - SecurityAuditor - INFO - Running email scanner...
2025-10-26 23:00:46,847 - SecurityAuditor - INFO - Security audit completed
