2025-09-28 11:41:42,589 - SecurityAuditor - INFO - Starting security audit...
2025-09-28 11:41:42,589 - SecurityAuditor - INFO - Running config scanner...
2025-09-28 11:41:42,784 - SecurityAuditor - INFO - Running vulnerability scanner...
2025-09-28 11:41:42,806 - SecurityAuditor - INFO - Running file scanner...
2025-09-28 11:43:24,085 - SecurityAuditor - INFO - Running email scanner...
2025-09-28 11:47:53,057 - SecurityAuditor - INFO - Starting security audit...
2025-09-28 11:47:53,058 - SecurityAuditor - INFO - Running config scanner...
2025-09-28 11:47:53,137 - SecurityAuditor - INFO - Running vulnerability scanner...
2025-09-28 11:47:53,156 - SecurityAuditor - INFO - Running file scanner...
2025-09-28 11:49:35,338 - SecurityAuditor - INFO - Running email scanner...
2025-09-28 11:54:18,600 - SecurityAuditor - INFO - Starting security audit...
2025-09-28 11:54:18,600 - SecurityAuditor - INFO - Running config scanner...
2025-09-28 11:54:18,682 - SecurityAuditor - INFO - Running vulnerability scanner...
2025-09-28 11:54:18,702 - SecurityAuditor - INFO - Running file scanner...
2025-09-28 11:56:00,864 - SecurityAuditor - INFO - Running email scanner...
2025-09-28 12:02:17,650 - SecurityAuditor - INFO - Starting security audit...
2025-09-28 12:02:17,650 - SecurityAuditor - INFO - Running config scanner...
2025-09-28 12:02:17,738 - SecurityAuditor - INFO - Running vulnerability scanner...
2025-09-28 12:02:17,760 - SecurityAuditor - INFO - Running file scanner...
2025-09-28 12:04:18,983 - SecurityAuditor - INFO - Running email scanner...
2025-09-28 14:15:32,666 - SecurityAuditor - INFO - Starting security audit...
2025-09-28 14:15:32,666 - SecurityAuditor - INFO - Running config scanner...
2025-09-28 14:15:32,787 - SecurityAuditor - INFO - Running vulnerability scanner...
2025-09-28 14:15:32,807 - SecurityAuditor - INFO - Running file scanner...
2025-09-28 14:17:21,329 - SecurityAuditor - INFO - Running email scanner...
2025-09-28 14:18:04,630 - SecurityAuditor - INFO - Starting security audit...
2025-09-28 14:18:04,631 - SecurityAuditor - INFO - Running config scanner...
2025-09-28 14:18:04,739 - SecurityAuditor - INFO - Running vulnerability scanner...
2025-09-28 14:18:04,759 - SecurityAuditor - INFO - Running file scanner...
2025-09-28 14:18:11,142 - SecurityAuditor - INFO - Starting security audit...
2025-09-28 14:18:11,143 - SecurityAuditor - INFO - Running config scanner...
2025-09-28 14:18:11,259 - SecurityAuditor - INFO - Running vulnerability scanner...
2025-09-28 14:18:11,278 - SecurityAuditor - INFO - Running file scanner...
2025-09-28 14:19:49,756 - SecurityAuditor - INFO - Running email scanner...
2025-09-28 14:19:51,647 - SecurityAuditor - INFO - Running email scanner...
